<html>
<body>
<pre>
<h1>µVision Build Log</h1>
<h2>Tool Versions:</h2>
IDE-Version: µVision V5.36.0.0
Copyright (C) 2021 ARM Ltd and ARM Germany GmbH. All rights reserved.
License Information: Naman Gulati, Kin Technology, LIC=MPPLD-87MTE-IIM5V-PNF5X-2LW2D-ZACKV
 
Tool Versions:
Toolchain:       MDK-ARM Plus  Version: 5.36.0.0
Toolchain Path:  C:\Keil_v5\ARM\ARMCC\Bin
C Compiler:      Armcc.exe V5.06 update 7 (build 960)
Assembler:       Armasm.exe V5.06 update 7 (build 960)
Linker/Locator:  ArmLink.exe V5.06 update 7 (build 960)
Library Manager: ArmAr.exe V5.06 update 7 (build 960)
Hex Converter:   FromElf.exe V5.06 update 7 (build 960)
CPU DLL:         SARMCM3.DLL V5.36.0.0
Dialog DLL:      DARMCM1.DLL V1.19.4.0
Target DLL:      STLink\ST-LINKIII-KEIL_SWO.dll V3.0.9.0
Dialog DLL:      TARMCM1.DLL V1.14.4.0
 
<h2>Project:</h2>
C:\Users\Naman Gulati\Desktop\Kindo_LEDs_Firmware 10-10-24-DMAtoINT-Variable brightness\Kindo_LEDs_Firmware 10-10-24-DMAtoINT-Variable brightness\MDK-ARM\LED_TEST_Peripheral_STM32.uvprojx
Project File Date:  08/05/2025

<h2>Output:</h2>
*** Using Compiler 'V5.06 update 7 (build 960)', folder: 'C:\Keil_v5\ARM\ARMCC\Bin'
Rebuild target 'LED_TEST_Peripheral_STM32'
compiling stm32g0xx_ll_rcc.c...
assembling startup_stm32g030xx.s...
compiling stm32g0xx_hal_i2c_ex.c...
compiling stm32g0xx_hal_gpio.c...
compiling stm32g0xx_hal_flash.c...
compiling stm32g0xx_hal_msp.c...
compiling stm32g0xx_hal_flash_ex.c...
compiling stm32g0xx_it.c...
compiling main.c...
compiling stm32g0xx_hal_rcc_ex.c...
compiling LEDS.c...
compiling stm32g0xx_hal_rcc.c...
compiling stm32g0xx_ll_dma.c...
compiling stm32g0xx_hal_i2c.c...
compiling stm32g0xx_hal_dma.c...
compiling stm32g0xx_hal_dma_ex.c...
compiling stm32g0xx_hal_pwr_ex.c...
compiling stm32g0xx_hal_cortex.c...
compiling stm32g0xx_hal_exti.c...
compiling stm32g0xx_hal_pwr.c...
compiling stm32g0xx_hal.c...
compiling retarget_io.c...
compiling stm32g0xx_hal_tim_ex.c...
compiling stm32g0xx_hal_uart_ex.c...
compiling stm32g0xx_hal_uart.c...
compiling stm32g0xx_hal_tim.c...
compiling system_stm32g0xx.c...
linking...
Program Size: Code=25192 RO-data=792 RW-data=116 ZI-data=2660  
FromELF: creating hex file...
"LED_TEST_Peripheral_STM32\LED_TEST_Peripheral_STM32.axf" - 0 Error(s), 0 Warning(s).

<h2>Software Packages used:</h2>

Package Vendor: ARM
                http://www.keil.com/pack/ARM.CMSIS.5.8.0.pack
                ARM.CMSIS.5.8.0
                CMSIS (Common Microcontroller Software Interface Standard)
   * Component: CORE Version: 5.5.0

Package Vendor: Keil
                http://www.keil.com/pack/Keil.ARM_Compiler.1.6.3.pack
                Keil.ARM_Compiler.1.6.3
                Keil ARM Compiler extensions for ARM Compiler 5 and ARM Compiler 6
   * Component: STDERR Variant: Breakpoint Version: 1.2.0
   * Component: STDIN Variant: Breakpoint Version: 1.2.0
   * Component: STDOUT Variant: Breakpoint Version: 1.2.0

Package Vendor: Keil
                http://www.keil.com/pack/Keil.STM32G0xx_DFP.1.4.0.pack
                Keil.STM32G0xx_DFP.1.4.0
                STMicroelectronics STM32G0 Series Device Support

<h2>Collection of Component include folders:</h2>
  .\RTE\_LED_TEST_Peripheral_STM32
  C:\Users\Naman Gulati\AppData\Local\Arm\Packs\ARM\CMSIS\5.8.0\CMSIS\Core\Include
  C:\Users\Naman Gulati\AppData\Local\Arm\Packs\Keil\STM32G0xx_DFP\1.4.0\Drivers\CMSIS\Device\ST\STM32G0xx\Include

<h2>Collection of Component Files used:</h2>

   * Component: ARM::CMSIS:CORE:5.5.0
      Include file:  CMSIS\Core\Include\tz_context.h

   * Component: Keil.ARM Compiler::Compiler:I/O:STDERR:Breakpoint:1.2.0
      Source file:   Source\retarget_io.c

   * Component: Keil.ARM Compiler::Compiler:I/O:STDIN:Breakpoint:1.2.0
      Source file:   Source\retarget_io.c

   * Component: Keil.ARM Compiler::Compiler:I/O:STDOUT:Breakpoint:1.2.0
      Source file:   Source\retarget_io.c
Build Time Elapsed:  00:00:03
</pre>
</body>
</html>
